[elementor.com/pages/webcreators2021/indexeedd.html]
[backblue.gif]
[fade.gif]
[index.html]
[cdn.cookielaw.org/scripttemplates/otSDKStub.js]
[elementor.com/marketing/wp-content/plugins/elementor/assets/css/frontend-lite.min7e2e.css]
[elementor.com/marketing/wp-content/uploads/sites/5/elementor/css/post-361972709.css]
[elementor.com/marketing/wp-content/plugins/elementor-pro/assets/css/frontend-lite.min3fd0.css]
[elementor.com/marketing/wp-content/uploads/sites/5/elementor/css/post-27047f829.css]
[elementor.com/marketing/wp-content/uploads/sites/5/elementor/css/post-47511c44e.css]
[elementor.com/marketing/wp-content/themes/elementor-website/assets/css/styled279.css]
[elementor.com/pages/wp-includes/js/jquery/jquery.minaf6c.js]
[elementor.com/pages/wp-includes/js/jquery/jquery-migrate.mind617.js]
[www.googleoptimize.com/optimize21e0.js]
[www.googleoptimize.com/optimizefb31.js]
[elementor.com/marketing/wp-content/uploads/sites/5/2021/07/elementor-favicon-512.png]
[elementor.com/marketing/wp-content/plugins/elementor/assets/css/widget-icon-list.min.css]
[elementor.com/marketing/wp-content/uploads/sites/5/2021/06/webcreators.png]
[elementor.com/marketing/wp-content/uploads/sites/5/2021/06/full-hero-mobile.jpg]
[elementor.com/marketing/wp-content/uploads/sites/5/2021/06/gary-2-scaled.jpg]
[elementor.com/marketing/wp-content/uploads/sites/5/2021/06/seth-for-vod-1.png]
[elementor.com/marketing/wp-content/uploads/sites/5/2021/06/swan-3-scaled.jpg]
[elementor.com/marketing/wp-content/uploads/sites/5/2021/06/ronit-4-scaled.jpg]
[elementor.com/marketing/wp-content/plugins/elementor-pro/assets/css/widget-carousel.min.css]
[elementor.com/marketing/wp-content/uploads/sites/5/2021/06/gary-mobile-1.jpg]
[elementor.com/marketing/wp-content/uploads/sites/5/2021/06/Seth-mobile.png]
[elementor.com/marketing/wp-content/uploads/sites/5/2021/06/swan-mobile.jpg]
[elementor.com/marketing/wp-content/uploads/sites/5/2021/06/ronit-mobile.jpg]
[elementor.com/marketing/wp-content/uploads/sites/5/2021/06/Vector.png]
[elementor.com/cdn-cgi/scripts/5c5dd728/cloudflare-static/email-decode.min.js]
[elementor.com/marketing/wp-content/uploads/sites/5/elementor/css/post-27532514b.css]
[elementor.com/marketing/wp-content/uploads/sites/5/elementor/css/post-27550514b.css]
[elementor.com/marketing/wp-content/uploads/sites/5/elementor/css/post-27551514b.css]
[elementor.com/marketing/wp-content/uploads/sites/5/elementor/css/post-27553514b.css]
[elementor.com/marketing/wp-content/uploads/sites/5/elementor/css/post-22049386c.css]
[elementor.com/marketing/wp-content/uploads/sites/5/elementor/css/post-27800dc8b.css]
[elementor.com/marketing/wp-content/plugins/elementor/assets/lib/animations/animations.min7e2e.css]
[elementor.com/marketing/wp-content/plugins/elementor-network/modules/network/assets/js/auto_no_opener_linkd36b.js]
[elementor.com/marketing/wp-content/plugins/elementor-network/assets/js/geo-loaderd36b.js]
[elementor.com/marketing/wp-content/plugins/flying-pages/flying-pages.min8066.js]
[elementor.com/marketing/wp-content/themes/elementor-website/assets/js/app.mind279.js]
[elementor.com/marketing/wp-content/themes/elementor-website/assets/js/js.cookie.mind279.js]
[elementor.com/pages/wp-includes/js/imagesloaded.mineda1.js]
[elementor.com/marketing/wp-content/plugins/elementor-pro/assets/js/webpack-pro.runtime.min3fd0.js]
[elementor.com/marketing/wp-content/plugins/elementor/assets/js/webpack.runtime.min7e2e.js]
[elementor.com/marketing/wp-content/plugins/elementor/assets/js/frontend-modules.min7e2e.js]
[elementor.com/pages/wp-includes/js/dist/vendor/regenerator-runtime.minb36a.js]
[elementor.com/pages/wp-includes/js/dist/vendor/wp-polyfill.min2c7c.js]
[elementor.com/pages/wp-includes/js/dist/hooks.mine16b.js]
[elementor.com/pages/wp-includes/js/dist/i18n.min71a7.js]
[elementor.com/marketing/wp-content/plugins/elementor-pro/assets/js/frontend.min3fd0.js]
[elementor.com/marketing/wp-content/plugins/elementor/assets/lib/waypoints/waypoints.min05da.js]
[elementor.com/pages/wp-includes/js/jquery/ui/core.min35d0.js]
[elementor.com/marketing/wp-content/plugins/elementor/assets/js/frontend.min7e2e.js]
[elementor.com/marketing/wp-content/plugins/elementor-pro/assets/js/elements-handlers.min3fd0.js]
[elementor.com/pages/webcreators2021/indexeedd.html]
[elementor.com/marketing/wp-content/plugins/elementor/assets/css/frontend-lite.min7e2e.css]
[elementor.com/marketing/wp-content/uploads/sites/5/elementor/css/post-361972709.css]
[elementor.com/marketing/wp-content/plugins/elementor-pro/assets/css/frontend-lite.min3fd0.css]
[elementor.com/marketing/wp-content/plugins/elementor-pro/assets/lib/sticky/jquery.sticky.min3fd0.js]
[elementor.com/marketing/wp-content/uploads/sites/5/2021/06/confettibg-all.png]
[elementor.com/marketing/wp-content/uploads/sites/5/elementor/css/post-27047f829.css]
[elementor.com/marketing/wp-content/uploads/sites/5/elementor/css/post-47511c44e.css]
[elementor.com/marketing/wp-content/themes/elementor-website/assets/images/download-dialog-shape-1.png]
[elementor.com/marketing/wp-content/themes/elementor-website/assets/images/download-dialog-shape-2.png]
[elementor.com/marketing/wp-content/themes/elementor-website/assets/images/download-dialog-icon.png]
[elementor.com/marketing/wp-content/themes/elementor-website/assets/css/styled279.css]
[gtm.elementor.com/gtm5445.html]
[elementor.com/marketing/wp-content/plugins/elementor/assets/css/widget-icon-list.min.css]
[elementor.com/marketing/wp-content/plugins/elementor-pro/assets/css/widget-carousel.min.css]
[elementor.com/marketing/wp-content/uploads/sites/5/elementor/css/post-27532514b.css]
[elementor.com/marketing/wp-content/uploads/sites/5/elementor/css/post-27550514b.css]
[elementor.com/marketing/wp-content/uploads/sites/5/elementor/css/post-27551514b.css]
[elementor.com/marketing/wp-content/uploads/sites/5/elementor/css/post-27553514b.css]
[elementor.com/marketing/wp-content/uploads/sites/5/elementor/css/post-22049386c.css]
[elementor.com/marketing/wp-content/uploads/sites/5/2021/06/Vector-29.png]
[elementor.com/marketing/wp-content/uploads/sites/5/elementor/css/post-27800dc8b.css]
[elementor.com/marketing/wp-content/plugins/elementor/assets/lib/animations/animations.min7e2e.css]
